A
This is a test string
This line should end with a newline
42
-42
2147483647
-2147483648